// Jest Snapshot v1, https://goo.gl/fbAQLP

exports[`< AppModal > matches the snapshot 1`] = `
<ModalOverlay
  onClick={[Function]}
>
  <MockChild />
</ModalOverlay>
`;
