// Jest Snapshot v1, https://goo.gl/fbAQLP

exports[`< ErrorBoundary > matches the snapshot 1`] = `
<Provider
  store={
    Object {
      "clearActions": [Function],
      "dispatch": [Function],
      "getActions": [Function],
      "getState": [Function],
      "replaceReducer": [Function],
      "subscribe": [Function],
    }
  }
>
  <Connect(ErrorBoundary)>
    <MockChild />
  </Connect(ErrorBoundary)>
</Provider>
`;
