// Jest Snapshot v1, https://goo.gl/fbAQLP

exports[`< Projects > matches the snapshot 1`] = `
<MockProvider>
  <Provider
    store={
      Object {
        "clearActions": [Function],
        "dispatch": [Function],
        "getActions": [Function],
        "getState": [Function],
        "replaceReducer": [Function],
        "subscribe": [Function],
      }
    }
  >
    <Projects
      adjustScrollAfterThumbnails={[Function]}
    >
      <ProjectsList
        actualPage={1}
        displayThumbnails={false}
        onClickChangePage={[Function]}
        projects={
          Array [
            Array [
              Object {
                "description": Object {
                  "en": "This is the page you are currently visiting. It was created as a personal project developed with React.js as a digital presentation of my professional profile.",
                  "es": "Esta es la página donde estás navegando. Ha sido creada como un proyecto personal desarrollado con React.js para la presentación digital de mi perfil profesional.",
                  "pt": "Esta é a página onde você está. Foi criada como um projeto pessoal desenvolvido com React.js para apresentação digital do meu perfil profissional.",
                },
                "order": 1,
                "repo": "https://github.com/annabranco/my-profile",
                "thumbnail": "https://raw.githubusercontent.com/annabranco/my-profile/master/src/images/thumbnails/thumbnail-my-profile.jpg",
                "title": "My profile",
                "url": "https://annabranco.github.io/my-profile/",
              },
              Object {
                "description": Object {
                  "en": "A fun and beautiful memory card game themed on Disney’s Toy Story characters, for all ages. It is based on my final evaluation test from Adalab.",
                  "es": "Un divertido y bonito juego de parejas, con tema de Toy Story (Disney), para todas las edades. Está basado en mi ejercicio final de evaluación de Adalab.",
                  "pt": "Um divertido e bonito jogo da memória, com temática de Toy Story (Disney), para todas as idades. Foi inspirado em meu exercício final de avaliação de Adalab.",
                },
                "order": 2,
                "repo": "https://github.com/annabranco/toy-story-games",
                "thumbnail": "https://raw.githubusercontent.com/annabranco/my-profile/master/src/images/thumbnails/thumbnail-toy-story.jpg",
                "title": "Toy Story Games",
                "url": "https://annabranco.github.io/toy-story-games/",
              },
            ],
            Array [
              Object {
                "description": Object {
                  "en": "The protptype of an own Role Playing Game built in vanilla JavaScript. There is currently just one simple task to accomplish. The assets were not created by me.",
                  "es": "El prototipo de un juego de rol mío desarrollado en JavaScript vanilla. Actualmente hay solamente un objetivo por alcanzar. Los assets no fueron creados por mí.",
                  "pt": "O protótipo de um jogo de RPG meu programado en JavaScript vanilla. No momento só há um simples objetivo por alcançar. Os assets não foram criados por mim.",
                },
                "order": 3,
                "repo": "https://github.com/annabranco/an-adventure",
                "thumbnail": "https://raw.githubusercontent.com/annabranco/my-profile/master/src/images/thumbnails/thumbnail-an-adventure.jpg",
                "title": "An Adventure",
                "url": "https://annabranco.github.io/an-adventure/",
              },
              Object {
                "description": Object {
                  "en": "A prototype of a web page of football team. The news and contact pages are embed content from Wordpress to reproduce back-end functionalities.",
                  "es": "Un prototipo de una página web de un equipo de fútbol. La parte de noticias y contacto son contenidos externos reproduciendo funcionalidades back-end.",
                  "pt": "Um protótipo de uma página web de um time de futebol. A parte de notícias e contato são conteúdos externos reproduzindo funcionalidades back-end.",
                },
                "order": 4,
                "repo": "https://github.com/annabranco/nipiterfc",
                "thumbnail": "https://raw.githubusercontent.com/annabranco/my-profile/master/src/images/thumbnails/thumbnail-ni-piter.jpg",
                "title": "Ni Piter FC",
                "url": "https://annabranco.github.io/nipiterfc/",
              },
            ],
            Array [
              Object {
                "description": Object {
                  "en": "A beautiful TV series finder, where users can search on a huge database, also see all the series summaries, ratings and add them to favorites.",
                  "es": "Un buscador de series de televisión, donde los usuarios pueden buscar en una grande base de datos y ver sinopsis, valoraciones y añadir a favoritos.",
                  "pt": "Um buscador de séries de TV, onde os usuários podem buscar en um enorme banco de dados, bem como ver sinopses, avaliações e adicionar a favoritos.",
                },
                "order": 5,
                "repo": "https://github.com/annabranco/tv-series-finder",
                "thumbnail": "https://raw.githubusercontent.com/annabranco/my-profile/master/src/images/thumbnails/thumbnail-tv-series-finder.jpg",
                "title": "TV Series Finder",
                "url": "https://annabranco.github.io/tv-series-finder/",
              },
              Object {
                "description": Object {
                  "en": "The final technical project from Adalab developed by a group of five students (called Ohana). It generates a professional profile card to be shared.",
                  "es": "Proyecto técnico final de Adalab desarrollado por un equipo de 5 estudiantes (llamadas Ohana). Crea una tarjeta virtual profesional para compartirla.",
                  "pt": "Projeto técnico final de Adalab, desenvolvido por um time de 5 estudantes (chamadas Ohana). Cria um cartão virtual profissional para ser compartilhado.",
                },
                "order": 6,
                "repo": "https://github.com/Adalab/dorcas-s3-ohana-group",
                "thumbnail": "https://raw.githubusercontent.com/annabranco/my-profile/master/src/images/thumbnails/thumbnail-awesome-profile-cards.jpg",
                "title": "Awesome Profile Cards",
                "url": "http://beta.adalab.es/dorcas-s3-ohana-group/",
              },
            ],
            Array [
              Object {
                "description": Object {
                  "en": "A beautiful visual database of Harry Potter characters, with filters and favorites function. My future objective is to develop the database as my own API.",
                  "es": "Un proyecto visual de los personajes de Harry Potter, con filtros y gestión de favoritos. Mi futuro objetivo es desarrollar todos los datos en una API mía. ",
                  "pt": "Un bonito projeto visual dos personagens de Harry Potter, com filtros e gestão de favoritos. Meu objetivo futuro é desenvolver os dados em minha própria API.",
                },
                "order": 7,
                "repo": "https://github.com/annabranco/harry-potter-database",
                "thumbnail": "https://raw.githubusercontent.com/annabranco/my-profile/master/src/images/thumbnails/thumbnail-harry-potter-database.jpg",
                "title": "Harry Potter Database",
                "url": "https://annabranco.github.io/harry-potter-database",
              },
            ],
          ]
        }
        thumbnailsStyle={null}
        toggleProjectsThumbNails={[Function]}
        totalPages={4}
      >
        <PROJECTS Section>
          <section
            className="dsRSxI"
          >
            <Checkbox Area>
              <div
                className="hBpPhe"
              >
                <Checkbox
                  id="developer__projects-checkbox"
                  onClick={[Function]}
                  type="checkbox"
                >
                  <input
                    className="gMgTPJ"
                    id="developer__projects-checkbox"
                    onClick={[Function]}
                    type="checkbox"
                  />
                </Checkbox>
                <label
                  htmlFor="developer__projects-checkbox"
                >
                  Show thumbnails
                </label>
              </div>
            </Checkbox Area>
            <Projects Grid
              thumbnailsStyle={null}
            >
              <ul
                className="hUHje"
              >
                <ProjectDetails
                  displayThumbnails={false}
                  key="My profile"
                  project={
                    Object {
                      "description": Object {
                        "en": "This is the page you are currently visiting. It was created as a personal project developed with React.js as a digital presentation of my professional profile.",
                        "es": "Esta es la página donde estás navegando. Ha sido creada como un proyecto personal desarrollado con React.js para la presentación digital de mi perfil profesional.",
                        "pt": "Esta é a página onde você está. Foi criada como um projeto pessoal desenvolvido com React.js para apresentação digital do meu perfil profissional.",
                      },
                      "order": 1,
                      "repo": "https://github.com/annabranco/my-profile",
                      "thumbnail": "https://raw.githubusercontent.com/annabranco/my-profile/master/src/images/thumbnails/thumbnail-my-profile.jpg",
                      "title": "My profile",
                      "url": "https://annabranco.github.io/my-profile/",
                    }
                  }
                >
                  <Project Item
                    key="My profile"
                  >
                    <div
                      className="jhrGlQ"
                    >
                      <Link
                        href="https://annabranco.github.io/my-profile/"
                        rel="noopener noreferrer"
                        target="_Blank"
                      >
                        <a
                          className="kOEPgv"
                          href="https://annabranco.github.io/my-profile/"
                          rel="noopener noreferrer"
                          target="_Blank"
                        >
                          <Title>
                            <h3
                              className="PEspk"
                            >
                              My profile
                              <SeeIcon
                                className="far fa-eye"
                              >
                                <i
                                  className="kdhGNa far fa-eye"
                                />
                              </SeeIcon>
                            </h3>
                          </Title>
                        </a>
                      </Link>
                      <Description>
                        <p
                          className="jVJjFT"
                        >
                          This is the page you are currently visiting. It was created as a personal project developed with React.js as a digital presentation of my professional profile.
                        </p>
                      </Description>
                      <Link
                        href="https://github.com/annabranco/my-profile"
                        rel="noopener noreferrer"
                        target="_Blank"
                      >
                        <a
                          className="kOEPgv"
                          href="https://github.com/annabranco/my-profile"
                          rel="noopener noreferrer"
                          target="_Blank"
                        >
                          <p
                            className="project__repo"
                          >
                            <Repo Icon
                              className="fab fa-github-alt"
                            >
                              <i
                                className="iUKfTa fab fa-github-alt"
                              />
                            </Repo Icon>
                            /annabranco/my-profile
                          </p>
                        </a>
                      </Link>
                    </div>
                  </Project Item>
                </ProjectDetails>
                <ProjectDetails
                  displayThumbnails={false}
                  key="Toy Story Games"
                  project={
                    Object {
                      "description": Object {
                        "en": "A fun and beautiful memory card game themed on Disney’s Toy Story characters, for all ages. It is based on my final evaluation test from Adalab.",
                        "es": "Un divertido y bonito juego de parejas, con tema de Toy Story (Disney), para todas las edades. Está basado en mi ejercicio final de evaluación de Adalab.",
                        "pt": "Um divertido e bonito jogo da memória, com temática de Toy Story (Disney), para todas as idades. Foi inspirado em meu exercício final de avaliação de Adalab.",
                      },
                      "order": 2,
                      "repo": "https://github.com/annabranco/toy-story-games",
                      "thumbnail": "https://raw.githubusercontent.com/annabranco/my-profile/master/src/images/thumbnails/thumbnail-toy-story.jpg",
                      "title": "Toy Story Games",
                      "url": "https://annabranco.github.io/toy-story-games/",
                    }
                  }
                >
                  <Project Item
                    key="Toy Story Games"
                  >
                    <div
                      className="jhrGlQ"
                    >
                      <Link
                        href="https://annabranco.github.io/toy-story-games/"
                        rel="noopener noreferrer"
                        target="_Blank"
                      >
                        <a
                          className="kOEPgv"
                          href="https://annabranco.github.io/toy-story-games/"
                          rel="noopener noreferrer"
                          target="_Blank"
                        >
                          <Title>
                            <h3
                              className="PEspk"
                            >
                              Toy Story Games
                              <SeeIcon
                                className="far fa-eye"
                              >
                                <i
                                  className="kdhGNa far fa-eye"
                                />
                              </SeeIcon>
                            </h3>
                          </Title>
                        </a>
                      </Link>
                      <Description>
                        <p
                          className="jVJjFT"
                        >
                          A fun and beautiful memory card game themed on Disney’s Toy Story characters, for all ages. It is based on my final evaluation test from Adalab.
                        </p>
                      </Description>
                      <Link
                        href="https://github.com/annabranco/toy-story-games"
                        rel="noopener noreferrer"
                        target="_Blank"
                      >
                        <a
                          className="kOEPgv"
                          href="https://github.com/annabranco/toy-story-games"
                          rel="noopener noreferrer"
                          target="_Blank"
                        >
                          <p
                            className="project__repo"
                          >
                            <Repo Icon
                              className="fab fa-github-alt"
                            >
                              <i
                                className="iUKfTa fab fa-github-alt"
                              />
                            </Repo Icon>
                            /annabranco/toy-story-games
                          </p>
                        </a>
                      </Link>
                    </div>
                  </Project Item>
                </ProjectDetails>
              </ul>
            </Projects Grid>
            <Paginator>
              <div
                className="ftYEKY"
              >
                <Text
                  hidden={true}
                >
                  <span
                    className="cmtkEf"
                    hidden={true}
                  >
                    go up
                  </span>
                </Text>
                <Icon
                  aria-label="go up"
                  className="far fa-arrow-alt-circle-up"
                  hidden={true}
                  onClick={[Function]}
                  role="button"
                  tabIndex={0}
                >
                  <i
                    aria-label="go up"
                    className="iaRxNl far fa-arrow-alt-circle-up"
                    hidden={true}
                    onClick={[Function]}
                    role="button"
                    tabIndex={0}
                  />
                </Icon>
                <Icon
                  aria-label="show more"
                  className="far fa-arrow-alt-circle-down"
                  hidden={false}
                  onClick={[Function]}
                  role="button"
                  tabIndex={0}
                >
                  <i
                    aria-label="show more"
                    className="iaRxNl far fa-arrow-alt-circle-down"
                    hidden={false}
                    onClick={[Function]}
                    role="button"
                    tabIndex={0}
                  />
                </Icon>
                <Text
                  hidden={false}
                >
                  <span
                    className="cmtkEf"
                    hidden={false}
                  >
                    show more
                  </span>
                </Text>
              </div>
            </Paginator>
          </section>
        </PROJECTS Section>
      </ProjectsList>
    </Projects>
  </Provider>
</MockProvider>
`;
