// Jest Snapshot v1, https://goo.gl/fbAQLP

exports[`< ScrollArea > matches the snapshot 1`] = `
<Provider
  store={
    Object {
      "clearActions": [Function],
      "dispatch": [Function],
      "getActions": [Function],
      "getState": [Function],
      "replaceReducer": [Function],
      "subscribe": [Function],
    }
  }
>
  <ScrollArea
    isSeabedElementOpened={false}
    langModalVisible={false}
    openSeabedElement={[Function]}
  />
</Provider>
`;
