// Jest Snapshot v1, https://goo.gl/fbAQLP

exports[`< AppButton > matches the snapshot 1`] = `
<App Button
  buttonStyle=""
  data-e2e-id={null}
  onClick={[Function]}
  type="button"
>
  Mock Button
</App Button>
`;
